// Jest Snapshot v1, https://goo.gl/fbAQLP

exports[`Button test renders correctly 1`] = `
<button
  className="btn btn--large"
  type="button"
>
  SEARCH
</button>
`;
