// Jest Snapshot v1, https://goo.gl/fbAQLP

exports[`Footer test renders correctly 1`] = `
<div
  className="footer-wrapper"
>
  <footer
    className="footer"
  >
    <SiteTitle />
  </footer>
</div>
`;
