// Jest Snapshot v1, https://goo.gl/fbAQLP

exports[`TextInput test renders correctly 1`] = `
<input
  className="text-input"
  onChange={[Function]}
  placeholder="just placeholder"
  type="text"
  value="value"
/>
`;
