// Jest Snapshot v1, https://goo.gl/fbAQLP

exports[`Component test example renders correctly 1`] = `<Header />`;
