// Jest Snapshot v1, https://goo.gl/fbAQLP

exports[`NotFound test renders correctly 1`] = `
<div
  className="not-found"
>
  No films found
</div>
`;
