// Jest Snapshot v1, https://goo.gl/fbAQLP

exports[`SiteTitle test renders correctly 1`] = `
<a
  className="site-title"
  href="/"
>
  <strong>
    netflix
  </strong>
  roulette
</a>
`;
