// Jest Snapshot v1, https://goo.gl/fbAQLP

exports[`SearchIcon test renders correctly 1`] = `
<NavLink
  className="search-icon"
  to="/"
  type="button"
>
  <i
    className="fas fa-search fa-2x fa-flip-horizontal"
  />
</NavLink>
`;
