// Jest Snapshot v1, https://goo.gl/fbAQLP

exports[`Logo test renders correctly 1`] = `
<h1
  className="logo"
>
  <SiteTitle />
</h1>
`;
